// Jest Snapshot v1, https://goo.gl/fbAQLP

exports[`Testing Portal component Renders Portal without crashing 1`] = `null`;
