// Jest Snapshot v1, https://goo.gl/fbAQLP

exports[`Testing Icon component Renders Icon without crashing 1`] = `
<div
  className="popup login"
>
  <ul>
    <li>
      Logout
    </li>
  </ul>
</div>
`;
