// Jest Snapshot v1, https://goo.gl/fbAQLP

exports[`Testing Private component Renders Private without crashing 1`] = `null`;
